+ echo =======================================
=======================================
+ echo ' INICIANDO PRUEBAS FINALES '
 INICIANDO PRUEBAS FINALES 
+ echo =======================================
=======================================
+ echo ''

+ echo '[1] Comprobando servicio Apache...'
[1] Comprobando servicio Apache...
+ systemctl is-active --quiet apache2
+ echo 'Apache funcionando correctamente'
Apache funcionando correctamente
+ echo ''

+ echo '[2] Comprobando servicio MySQL...'
[2] Comprobando servicio MySQL...
+ systemctl is-active --quiet mysql
+ echo 'MySQL funcionando correctamente'
MySQL funcionando correctamente
+ echo ''

+ echo '[3] Comprobando puerto HTTP 80...'
[3] Comprobando puerto HTTP 80...
+ sudo ss -tulnp
+ grep :80
+ echo 'Puerto 80 abierto correctamente'
Puerto 80 abierto correctamente
+ echo ''

+ echo '[4] Comprobando puerto HTTPS 443...'
[4] Comprobando puerto HTTPS 443...
+ sudo ss -tulnp
+ grep :443
+ echo 'AVISO: Puerto 443 no está abierto (Normal hasta configurar SSL)'
AVISO: Puerto 443 no está abierto (Normal hasta configurar SSL)
+ echo ''

+ echo '[5] Comprobando puerto MySQL 3306...'
[5] Comprobando puerto MySQL 3306...
+ sudo ss -tulnp
+ grep :3306
+ echo 'Puerto MySQL activo'
Puerto MySQL activo
+ echo ''

+ echo '[6] Verificando reglas iptables...'
[6] Verificando reglas iptables...
+ sudo iptables -L
Chain INPUT (policy DROP)
target     prot opt source               destination         
DROP       all  --  anywhere             anywhere             ctstate INVALID
ACCEPT     all  --  anywhere             anywhere            
ACCEPT     all  --  anywhere             anywhere             ctstate RELATED,ESTABLISHED
           tcp  --  anywhere             anywhere             tcp dpt:ssh ctstate NEW recent: SET name: SSH_CHECK side: source mask: 255.255.255.255
DROP       tcp  --  anywhere             anywhere             tcp dpt:ssh ctstate NEW recent: UPDATE seconds: 60 hit_count: 4 name: SSH_CHECK side: source mask: 255.255.255.255
ACCEPT     tcp  --  anywhere             anywhere             tcp dpt:ssh
ACCEPT     tcp  --  anywhere             anywhere             tcp dpt:http
ACCEPT     tcp  --  anywhere             anywhere             tcp dpt:https
ACCEPT     tcp  --  ec2-100-51-26-144.compute-1.amazonaws.com  anywhere             tcp dpt:zabbix-agent
ACCEPT     tcp  --  ec2-100-51-26-144.compute-1.amazonaws.com  anywhere             tcp dpt:zabbix-trapper
ACCEPT     icmp --  anywhere             anywhere             icmp echo-request limit: avg 1/sec burst 4
LOG        all  --  anywhere             anywhere             limit: avg 5/min burst 5 LOG level debug prefix "IPTABLES-DROP: "

Chain FORWARD (policy DROP)
target     prot opt source               destination         

Chain OUTPUT (policy ACCEPT)
target     prot opt source               destination         
+ echo ''

+ echo '[7] Verificando respuesta HTTP...'
[7] Verificando respuesta HTTP...
++ curl -L -o /dev/null -s -w '%{http_code}\n' http://localhost
+ HTTP_STATUS=200
+ '[' 200 == 200 ']'
+ echo 'Servidor web responde correctamente'
Servidor web responde correctamente
+ echo ''

+ echo '[8] Verificando archivos web...'
[8] Verificando archivos web...
+ '[' -f /var/www/html/login.php ']'
+ echo 'login.php encontrado'
login.php encontrado
+ '[' -f /var/www/html/dashboard.php ']'
+ echo 'dashboard.php encontrado'
dashboard.php encontrado
+ '[' -f /var/www/html/ver_registros.php ']'
+ echo 'ver_registros.php encontrado'
ver_registros.php encontrado
+ echo ''

+ echo '[9] Verificando bases de datos...'
[9] Verificando bases de datos...
+ mysql -u root -e 'SHOW DATABASES;'
+ grep database_rrhh
+ '[' 1 -eq 0 ']'
+ echo 'ERROR: database_rrhh no existe'
ERROR: database_rrhh no existe
+ mysql -u root -e 'SHOW DATABASES;'
+ grep database_tienda
+ '[' 1 -eq 0 ']'
+ echo 'ERROR: database_tienda no existe'
ERROR: database_tienda no existe
+ echo ''

+ echo '[10] Verificando tablas RRHH...'
[10] Verificando tablas RRHH...
+ mysql -u root database_rrhh -e 'SHOW TABLES;'
ERROR 1049 (42000): Unknown database 'database_rrhh'
+ echo ''

+ echo '[11] Verificando tablas TIENDA...'
[11] Verificando tablas TIENDA...
+ mysql -u root database_tienda -e 'SHOW TABLES;'
ERROR 1049 (42000): Unknown database 'database_tienda'
+ echo ''

+ echo '[12] Verificando backups...'
[12] Verificando backups...
+ sudo mkdir -p /opt/backups
+ sudo chmod 777 /opt/backups
+ '[' -d /opt/backups ']'
+ echo 'Directorio backups encontrado en el sistema'
Directorio backups encontrado en el sistema
+ ls -lh /opt/backups
total 0
+ echo ''

+ echo '[13] Verificando almacenamiento...'
[13] Verificando almacenamiento...
+ df -h
Filesystem      Size  Used Avail Use% Mounted on
/dev/root        29G  4.0G   25G  15% /
tmpfs           2.0G     0  2.0G   0% /dev/shm
tmpfs           782M  884K  782M   1% /run
tmpfs           5.0M     0  5.0M   0% /run/lock
/dev/xvda16     881M  162M  657M  20% /boot
/dev/xvda15     105M  6.2M   99M   6% /boot/efi
tmpfs           391M   12K  391M   1% /run/user/1000
+ echo ''

+ echo '[14] Verificando memoria RAM...'
[14] Verificando memoria RAM...
+ free -h
               total        used        free      shared  buff/cache   available
Mem:           3.8Gi       1.8Gi       1.5Gi        17Mi       769Mi       2.0Gi
Swap:             0B          0B          0B
+ echo ''

+ echo =======================================
=======================================
+ echo ' PRUEBAS FINALES COMPLETADAS '
 PRUEBAS FINALES COMPLETADAS 
+ echo =======================================
=======================================
